// Jest Snapshot v1, https://goo.gl/fbAQLP

exports[`Todo component Mathches the snapshot 1`] = `
<div
  className="ToDo"
>
  <div>
    <li
      className=""
    >
      <button>
        X
      </button>
    </li>
  </div>
</div>
`;
